Microchip MPLAB XC8 Compiler V1.42 ()

Linker command line:

-W-3 --edf=C:\Program Files (x86)\Microchip\xc8\v1.42\dat\en_msgs.txt -cs \
  -h+dist/default/production\PIC1_3V.X.production.sym \
  --cmf=dist/default/production\PIC1_3V.X.production.cmf -z -Q18LF25K80 \
  -oC:\Users\Giacomo\AppData\Local\Temp\s3fg.2 \
  -Mdist/default/production/PIC1_3V.X.production.map -E1 -ver=XC8 \
  -ASTACK=060h-0e40h -pstack=STACK -ACODE=00h-07FFFh -ACONST=00h-07FFFh \
  -ASMALLCONST=0F00h-0FFFhx113 -AMEDIUMCONST=0F00h-07FFFh -ACOMRAM=01h-05Fh \
  -AABS1=00h-0E40h -ABIGRAM=01h-0E40h \
  -ARAM=060h-0FFh,0100h-01FFhx13,0E00h-0E40h -ABANK0=060h-0FFh \
  -ABANK1=0100h-01FFh -ABANK2=0200h-02FFh -ABANK3=0300h-03FFh \
  -ABANK4=0400h-04FFh -ABANK5=0500h-05FFh -ABANK6=0600h-06FFh \
  -ABANK7=0700h-07FFh -ABANK8=0800h-08FFh -ABANK9=0900h-09FFh \
  -ABANK10=0A00h-0AFFh -ABANK11=0B00h-0BFFh -ABANK12=0C00h-0CFFh \
  -ABANK13=0D00h-0DFFh -ABANK14=0E00h-0E40h \
  -ASFR=0E41h-0EFFh,0F00h-0F5Fh,0F60h-0FFFh \
  -preset_vec=00h,intcode,intcodelo,powerup,init -pramtop=0F00h \
  -psmallconst=SMALLCONST -pmediumconst=MEDIUMCONST -pconst=CONST \
  -AFARRAM=00h-00h -ACONFIG=0300000h-030000Dh -pconfig=CONFIG \
  -AIDLOC=0200000h-0200007h -pidloc=IDLOC -AEEDATA=0F00000h-0F003FFh \
  -peeprom_data=EEDATA \
  -prdata=COMRAM,nvrram=COMRAM,nvbit=COMRAM,rbss=COMRAM,rbit=COMRAM \
  -pfarbss=FARRAM,fardata=FARRAM,nvFARRAM=FARRAM \
  -pintsave_regs=BIGRAM,bigbss=BIGRAM,bigdata=BIGRAM -pbss=RAM \
  -pidata=CODE,irdata=CODE,ibigdata=CODE,ifardata=CODE -prparam=COMRAM \
  C:\Users\Giacomo\AppData\Local\Temp\s3fg.obj \
  dist/default/production\PIC1_3V.X.production.obj 

Object code version is 3.11

Machine type is 18LF25K80

Call graph: (short form)




                Name                               Link     Load   Length Selector   Space Scale
C:\Users\Giacomo\AppData\Local\Temp\s3fg.obj
                init                                  0        0        4        0       0
                idloc                            200000   200000        8   200000       0
                config                           300000   300000        E   300000       0
dist/default/production\PIC1_3V.X.production.obj
                text14                             7A88     7A88       10     3D44       0
                text13                             7B40     7B40       5E     3DA0       0
                text12                             7A6C     7A6C        8     3D36       0
                text11                             7BFC     7BFC       CC     3DFE       0
                text10                             7ED4     7ED4      12C     3F6A       0
                text9                              7A74     7A74        8     3D3A       0
                text8                              7A7C     7A7C        C     3D3E       0
                text7                              7AEE     7AEE       24     3D77       0
                text6                              7DC4     7DC4      110     3EE2       0
                text5                              7ABC     7ABC       16     3D5E       0
                text4                              7B9E     7B9E       5E     3DCF       0
                text3                              7AD2     7AD2       1C     3D69       0
                text2                              7B12     7B12       2E     3D89       0
                text1                              7A98     7A98       12     3D4C       0
                text0                              7CC8     7CC8       FC     3E64       0
                cstackCOMRAM                          1        1       1E        1       1
                bssCOMRAM                            1F       1F        D        1       1
                cinit                              7AAA     7AAA       12     3D55       0

TOTAL           Name                               Link     Load   Length     Space
        CLASS   STACK          

        CLASS   CODE           
                init                                  0        0        4         0
                text14                             7A88     7A88       10         0
                text13                             7B40     7B40       5E         0
                text12                             7A6C     7A6C        8         0
                text11                             7BFC     7BFC       CC         0
                text10                             7ED4     7ED4      12C         0
                text9                              7A74     7A74        8         0
                text8                              7A7C     7A7C        C         0
                text7                              7AEE     7AEE       24         0
                text6                              7DC4     7DC4      110         0
                text5                              7ABC     7ABC       16         0
                text4                              7B9E     7B9E       5E         0
                text3                              7AD2     7AD2       1C         0
                text2                              7B12     7B12       2E         0
                text1                              7A98     7A98       12         0
                text0                              7CC8     7CC8       FC         0
                cinit                              7AAA     7AAA       12         0

        CLASS   CONST          

        CLASS   SMALLCONST     

        CLASS   MEDIUMCONST    

        CLASS   COMRAM         
                cstackCOMRAM                          1        1       1E         1
                bssCOMRAM                            1F       1F        D         1

        CLASS   ABS1           

        CLASS   BIGRAM         

        CLASS   RAM            

        CLASS   BANK0          

        CLASS   BANK1          

        CLASS   BANK2          

        CLASS   BANK3          

        CLASS   BANK4          

        CLASS   BANK5          

        CLASS   BANK6          

        CLASS   BANK7          

        CLASS   BANK8          

        CLASS   BANK9          

        CLASS   BANK10         

        CLASS   BANK11         

        CLASS   BANK12         

        CLASS   BANK13         

        CLASS   BANK14         

        CLASS   SFR            

        CLASS   FARRAM         

        CLASS   CONFIG         
                config                           300000   300000        E         0

        CLASS   IDLOC          
                idloc                            200000   200000        8         0

        CLASS   EEDATA         



SEGMENTS        Name                           Load    Length   Top    Selector   Space  Class

                reset_vec                      000000  000004  000004         0       0  CODE    
                cstackCOMRAM                   000001  00002B  00002C         1       1  COMRAM  
                text12                         007A6C  000008  007A74      3D36       0  CODE    
                text9                          007A74  000008  007A7C      3D3A       0  CODE    
                text8                          007A7C  00000C  007A88      3D3E       0  CODE    
                text14                         007A88  000010  007A98      3D44       0  CODE    
                text1                          007A98  000012  007AAA      3D4C       0  CODE    
                cinit                          007AAA  000012  007ABC      3D55       0  CODE    
                text5                          007ABC  000016  007AD2      3D5E       0  CODE    
                text3                          007AD2  00001C  007AEE      3D69       0  CODE    
                text7                          007AEE  000024  007B12      3D77       0  CODE    
                text2                          007B12  00002E  007B40      3D89       0  CODE    
                text13                         007B40  00005E  007B9E      3DA0       0  CODE    
                text4                          007B9E  00005E  007BFC      3DCF       0  CODE    
                text11                         007BFC  0000CC  007CC8      3DFE       0  CODE    
                text0                          007CC8  0000FC  007DC4      3E64       0  CODE    
                text6                          007DC4  000110  007ED4      3EE2       0  CODE    
                text10                         007ED4  00012C  008000      3F6A       0  CODE    
                idloc                          200000  000008  200008    200000       0  IDLOC   
                config                         300000  00000E  30000E    300000       0  CONFIG  


UNUSED ADDRESS RANGES

        Name                Unused          Largest block    Delta
        BANK0            000060-0000FF               A0
        BANK1            000100-0001FF              100
        BANK10           000A00-000AFF              100
        BANK11           000B00-000BFF              100
        BANK12           000C00-000CFF              100
        BANK13           000D00-000DFF              100
        BANK14           000E00-000E40               41
        BANK2            000200-0002FF              100
        BANK3            000300-0003FF              100
        BANK4            000400-0004FF              100
        BANK5            000500-0005FF              100
        BANK6            000600-0006FF              100
        BANK7            000700-0007FF              100
        BANK8            000800-0008FF              100
        BANK9            000900-0009FF              100
        BIGRAM           00002C-000E40              E15
        CODE             000004-007A6B             7A68
        COMRAM           00002C-00005F               34
        CONST            000004-007A6B             7A68
        EEDATA           F00000-F003FF              400
        MEDIUMCONST      000F00-007A6B             6B6C
        RAM              000060-000E40              100
        SFR              000E41-000FFF               BF
        SMALLCONST       000F00-007A6B              100
        STACK            000060-000E40              DE1

                                  Symbol Table

?___aldiv                    cstackCOMRAM 000001
TX_nordic@data               cstackCOMRAM 000003
UART_Init@baudrate           cstackCOMRAM 00000F
UART_Init@x                  cstackCOMRAM 00001B
UART_Write@data              cstackCOMRAM 000001
_ANCON0                      (abs)        000F5D
_ANCON1                      (abs)        000F5C
_FPGA                        bssCOMRAM    000028
_INTCON                      (abs)        000FF2
_INTCON2                     (abs)        000FF1
_INTCON2bits                 (abs)        000FF1
_INTCON3                     (abs)        000FF0
_INTCON3bits                 (abs)        000FF0
_LATAbits                    (abs)        000F89
_LATCbits                    (abs)        000F8B
_MAX_RT                      bssCOMRAM    00002B
_PIC_ft232                   bssCOMRAM    000027
_PIE1bits                    (abs)        000F9D
_PIR1                        (abs)        000F9E
_PORTA                       (abs)        000F80
_PORTB                       (abs)        000F81
_PORTC                       (abs)        000F82
_RC1IF                       (abs)        007CF5
_RCON                        (abs)        000FD0
_RCREG1                      (abs)        000FAE
_RCSTA1bits                  (abs)        000FAB
_SPBRG1                      (abs)        000FAF
_SSPBUF                      (abs)        000FC9
_SSPCON1bits                 (abs)        000FC6
_SSPSTATbits                 (abs)        000FC7
_TRISA                       (abs)        000F92
_TRISB                       (abs)        000F93
_TRISC                       (abs)        000F94
_TRISCbits                   (abs)        000F94
_TXREG1                      (abs)        000FAD
_TXSTA1bits                  (abs)        000FAC
_TX_nordic                   text13       007B40
_UART_Data_Ready             text12       007A6C
_UART_Init                   text10       007ED4
_UART_Read                   text9        007A74
_UART_Write                  text8        007A7C
_WPUB                        (abs)        000F5B
__CFG_BBSIZ$BB2K             (abs)        000000
__CFG_BOREN$SBORDIS          (abs)        000000
__CFG_BORPWR$ZPBORMV         (abs)        000000
__CFG_BORV$3                 (abs)        000000
__CFG_CANMX$PORTB            (abs)        000000
__CFG_CP0$OFF                (abs)        000000
__CFG_CP1$OFF                (abs)        000000
__CFG_CP2$OFF                (abs)        000000
__CFG_CP3$OFF                (abs)        000000
__CFG_CPB$OFF                (abs)        000000
__CFG_CPD$OFF                (abs)        000000
__CFG_EBTR0$OFF              (abs)        000000
__CFG_EBTR1$OFF              (abs)        000000
__CFG_EBTR2$OFF              (abs)        000000
__CFG_EBTR3$OFF              (abs)        000000
__CFG_EBTRB$OFF              (abs)        000000
__CFG_FCMEN$OFF              (abs)        000000
__CFG_FOSC$HS1               (abs)        000000
__CFG_IESO$OFF               (abs)        000000
__CFG_INTOSCSEL$HIGH         (abs)        000000
__CFG_MCLRE$ON               (abs)        000000
__CFG_MSSPMSK$MSK7           (abs)        000000
__CFG_PLLCFG$OFF             (abs)        000000
__CFG_PWRTEN$OFF             (abs)        000000
__CFG_RETEN$OFF              (abs)        000000
__CFG_SOSCSEL$HIGH           (abs)        000000
__CFG_STVREN$ON              (abs)        000000
__CFG_WDTEN$SWDTDIS          (abs)        000000
__CFG_WDTPS$1048576          (abs)        000000
__CFG_WRT0$OFF               (abs)        000000
__CFG_WRT1$OFF               (abs)        000000
__CFG_WRT2$OFF               (abs)        000000
__CFG_WRT3$OFF               (abs)        000000
__CFG_WRTB$OFF               (abs)        000000
__CFG_WRTC$OFF               (abs)        000000
__CFG_WRTD$OFF               (abs)        000000
__CFG_XINST$OFF              (abs)        000000
__HRAM                       (abs)        000000
__Habs1                      abs1         000000
__Hbank0                     bank0        000000
__Hbank1                     bank1        000000
__Hbank10                    bank10       000000
__Hbank11                    bank11       000000
__Hbank12                    bank12       000000
__Hbank13                    bank13       000000
__Hbank14                    bank14       000000
__Hbank2                     bank2        000000
__Hbank3                     bank3        000000
__Hbank4                     bank4        000000
__Hbank5                     bank5        000000
__Hbank6                     bank6        000000
__Hbank7                     bank7        000000
__Hbank8                     bank8        000000
__Hbank9                     bank9        000000
__Hbigbss                    bigbss       000000
__Hbigdata                   bigdata      000000
__Hbigram                    bigram       000000
__Hbss                       bss          000000
__HbssCOMRAM                 bssCOMRAM    000000
__Hcinit                     cinit        000000
__Hclrtext                   clrtext      000000
__Hcomram                    comram       000000
__Hconfig                    config       30000E
__Hconst                     const        000000
__HcstackCOMRAM              cstackCOMRAM 000000
__Hdata                      data         000000
__Heeprom_data               eeprom_data  000000
__Hfarbss                    farbss       000000
__Hfardata                   fardata      000000
__Hibigdata                  ibigdata     000000
__Hidata                     idata        000000
__Hidloc                     idloc        200008
__Hifardata                  ifardata     000000
__Hinit                      init         000004
__Hintcode                   intcode      000000
__Hintcode_body              intcode_body 000000
__Hintcodelo                 intcodelo    000000
__Hintentry                  intentry     000000
__Hintret                    intret       000000
__Hintsave_regs              intsave_regs 000000
__Hirdata                    irdata       000000
__Hmediumconst               mediumconst  000000
__HnvFARRAM                  nvFARRAM     000000
__Hnvbit                     nvbit        000000
__Hnvrram                    nvrram       000000
__Hparam                     rparam       000000
__Hpowerup                   powerup      000000
__Hram                       ram          000000
__Hramtop                    ramtop       000F00
__Hrbit                      rbit         000000
__Hrbss                      rbss         000000
__Hrdata                     rdata        000000
__Hreset_vec                 reset_vec    000000
__Hrparam                    rparam       000000
__Hsfr                       sfr          000000
__Hsmallconst                smallconst   000000
__Hspace_0                   (abs)        30000E
__Hspace_1                   (abs)        00002C
__Hspace_2                   (abs)        000000
__Hstack                     stack        000000
__Hstruct                    struct       000000
__Htemp                      temp         000000
__Htext                      text         000000
__Htext0                     text0        000000
__Htext1                     text1        000000
__Htext10                    text10       000000
__Htext11                    text11       000000
__Htext12                    text12       000000
__Htext13                    text13       000000
__Htext14                    text14       000000
__Htext2                     text2        000000
__Htext3                     text3        000000
__Htext4                     text4        000000
__Htext5                     text5        000000
__Htext6                     text6        000000
__Htext7                     text7        000000
__Htext8                     text8        000000
__Htext9                     text9        000000
__LRAM                       (abs)        000001
__Labs1                      abs1         000000
__Lbank0                     bank0        000000
__Lbank1                     bank1        000000
__Lbank10                    bank10       000000
__Lbank11                    bank11       000000
__Lbank12                    bank12       000000
__Lbank13                    bank13       000000
__Lbank14                    bank14       000000
__Lbank2                     bank2        000000
__Lbank3                     bank3        000000
__Lbank4                     bank4        000000
__Lbank5                     bank5        000000
__Lbank6                     bank6        000000
__Lbank7                     bank7        000000
__Lbank8                     bank8        000000
__Lbank9                     bank9        000000
__Lbigbss                    bigbss       000000
__Lbigdata                   bigdata      000000
__Lbigram                    bigram       000000
__Lbss                       bss          000000
__LbssCOMRAM                 bssCOMRAM    000000
__Lcinit                     cinit        000000
__Lclrtext                   clrtext      000000
__Lcomram                    comram       000000
__Lconfig                    config       300000
__Lconst                     const        000000
__LcstackCOMRAM              cstackCOMRAM 000000
__Ldata                      data         000000
__Leeprom_data               eeprom_data  000000
__Lfarbss                    farbss       000000
__Lfardata                   fardata      000000
__Libigdata                  ibigdata     000000
__Lidata                     idata        000000
__Lidloc                     idloc        200000
__Lifardata                  ifardata     000000
__Linit                      init         000000
__Lintcode                   intcode      000000
__Lintcode_body              intcode_body 000000
__Lintcodelo                 intcodelo    000000
__Lintentry                  intentry     000000
__Lintret                    intret       000000
__Lintsave_regs              intsave_regs 000000
__Lirdata                    irdata       000000
__Lmediumconst               mediumconst  000000
__LnvFARRAM                  nvFARRAM     000000
__Lnvbit                     nvbit        000000
__Lnvrram                    nvrram       000000
__Lparam                     rparam       000000
__Lpowerup                   powerup      000000
__Lram                       ram          000000
__Lramtop                    ramtop       000F00
__Lrbit                      rbit         000000
__Lrbss                      rbss         000000
__Lrdata                     rdata        000000
__Lreset_vec                 reset_vec    000000
__Lrparam                    rparam       000000
__Lsfr                       sfr          000000
__Lsmallconst                smallconst   000000
__Lspace_0                   (abs)        000000
__Lspace_1                   (abs)        000000
__Lspace_2                   (abs)        000000
__Lstack                     stack        000000
__Lstruct                    struct       000000
__Ltemp                      temp         000000
__Ltext                      text         000000
__Ltext0                     text0        000000
__Ltext1                     text1        000000
__Ltext10                    text10       000000
__Ltext11                    text11       000000
__Ltext12                    text12       000000
__Ltext13                    text13       000000
__Ltext14                    text14       000000
__Ltext2                     text2        000000
__Ltext3                     text3        000000
__Ltext4                     text4        000000
__Ltext5                     text5        000000
__Ltext6                     text6        000000
__Ltext7                     text7        000000
__Ltext8                     text8        000000
__Ltext9                     text9        000000
__S0                         (abs)        30000E
__S1                         (abs)        00002C
__S2                         (abs)        000000
___aldiv                     text11       007BFC
___aldiv@counter             cstackCOMRAM 000009
___aldiv@dividend            cstackCOMRAM 000001
___aldiv@divisor             cstackCOMRAM 000005
___aldiv@quotient            cstackCOMRAM 00000B
___aldiv@sign                cstackCOMRAM 00000A
___inthi_sp                  stack        000000
___intlo_sp                  stack        000000
___param_bank                (abs)        000000
___rparam_used               (abs)        000001
___sp                        stack        000000
__accesstop                  (abs)        000060
__activetblptr               (abs)        000000
__end_of_TX_nordic           text13       007B9E
__end_of_UART_Data_Ready     text12       007A74
__end_of_UART_Init           text10       008000
__end_of_UART_Read           text9        007A7C
__end_of_UART_Write          text8        007A88
__end_of___aldiv             text11       007CC8
__end_of__initialization     cinit        007AB6
__end_of_check_MAX_RT        text7        007B12
__end_of_configure_TX        text6        007ED4
__end_of_flush               text5        007AD2
__end_of_initPIC             text4        007BFC
__end_of_init_spi_master     text3        007AEE
__end_of_main                text0        007DC4
__end_of_read_ACK_payload    text2        007B40
__end_of_reset_MAX_RT        text1        007AAA
__end_of_spi_write           text14       007A98
__initialization             cinit        007AAA
__mediumconst                mediumconst  000000
__pbssCOMRAM                 bssCOMRAM    00001F
__pcinit                     cinit        007AAA
__pcstackCOMRAM              cstackCOMRAM 000001
__ptext0                     text0        007CC8
__ptext1                     text1        007A98
__ptext10                    text10       007ED4
__ptext11                    text11       007BFC
__ptext12                    text12       007A6C
__ptext13                    text13       007B40
__ptext14                    text14       007A88
__ptext2                     text2        007B12
__ptext3                     text3        007AD2
__ptext4                     text4        007B9E
__ptext5                     text5        007ABC
__ptext6                     text6        007DC4
__ptext7                     text7        007AEE
__ptext8                     text8        007A7C
__ptext9                     text9        007A74
__ramtop                     ramtop       000F00
__size_of_TX_nordic          (abs)        000000
__size_of_UART_Data_Ready    (abs)        000000
__size_of_UART_Init          (abs)        000000
__size_of_UART_Read          (abs)        000000
__size_of_UART_Write         (abs)        000000
__size_of___aldiv            (abs)        000000
__size_of_check_MAX_RT       (abs)        000000
__size_of_configure_TX       (abs)        000000
__size_of_flush              (abs)        000000
__size_of_initPIC            (abs)        000000
__size_of_init_spi_master    (abs)        000000
__size_of_main               (abs)        000000
__size_of_read_ACK_payload   (abs)        000000
__size_of_reset_MAX_RT       (abs)        000000
__size_of_spi_write          (abs)        000000
__smallconst                 smallconst   000000
_alert_status                bssCOMRAM    000029
_buff                        bssCOMRAM    00001F
_check_MAX_RT                text7        007AEE
_configure_TX                text6        007DC4
_flush                       text5        007ABC
_initPIC                     text4        007B9E
_init_spi_master             text3        007AD2
_main                        text0        007CC8
_read_ACK_payload            text2        007B12
_reset_MAX_RT                text1        007A98
_serial_read                 bssCOMRAM    00002A
_spi_write                   text14       007A88
check_MAX_RT@MAX_RT          cstackCOMRAM 000003
check_MAX_RT@buffer          cstackCOMRAM 000002
configure_TX@j               cstackCOMRAM 000004
end_of_initialization        cinit        007AB6
intlevel0                    text         000000
intlevel1                    text         000000
intlevel2                    text         000000
intlevel3                    text         000000
read_ACK_payload@ACK_payload cstackCOMRAM 000003
spi_write@data               cstackCOMRAM 000001
stackhi                      (abs)        000E40
stacklo                      (abs)        000060
start                        init         000000
start_initialization         cinit        007AAA


FUNCTION INFORMATION:

 *************** function _main *****************
 Defined at:
		line 144 in file "nRF24L01_18LF25K80_TX.c"
 Parameters:    Size  Location     Type
		None
 Auto vars:     Size  Location     Type
		None
 Return value:  Size  Location     Type
                  1    wreg      void 
 Registers used:
		wreg, status,2, status,0, cstack
 Tracked objects:
		On entry : 
		On exit  : 
		Unchanged: 
 Data sizes:     COMRAM   BANK0   BANK1   BANK2   BANK3   BANK4   BANK5   BANK6   BANK7   BANK8   BANK9  BANK10  BANK11  BANK12  BANK13  BANK14
      Params:         0       0       0       0       0       0       0       0       0       0       0       0       0       0       0       0
      Locals:         0       0       0       0       0       0       0       0       0       0       0       0       0       0       0       0
      Temps:          2       0       0       0       0       0       0       0       0       0       0       0       0       0       0       0
      Totals:         2       0       0       0       0       0       0       0       0       0       0       0       0       0       0       0
Total ram usage:        2 bytes
 Hardware stack levels required when called:    2
 This function calls:
		_TX_nordic
		_UART_Data_Ready
		_UART_Init
		_UART_Read
		_UART_Write
		_check_MAX_RT
		_configure_TX
		_flush
		_initPIC
		_init_spi_master
		_read_ACK_payload
		_reset_MAX_RT
 This function is called by:
		Startup code after reset
 This function uses a non-reentrant model


 *************** function _reset_MAX_RT *****************
 Defined at:
		line 250 in file "nRF24L01_TX.h"
 Parameters:    Size  Location     Type
		None
 Auto vars:     Size  Location     Type
		None
 Return value:  Size  Location     Type
                  1    wreg      void 
 Registers used:
		wreg, status,2, cstack
 Tracked objects:
		On entry : 
		On exit  : 
		Unchanged: 
 Data sizes:     COMRAM   BANK0   BANK1   BANK2   BANK3   BANK4   BANK5   BANK6   BANK7   BANK8   BANK9  BANK10  BANK11  BANK12  BANK13  BANK14
      Params:         0       0       0       0       0       0       0       0       0       0       0       0       0       0       0       0
      Locals:         0       0       0       0       0       0       0       0       0       0       0       0       0       0       0       0
      Temps:          0       0       0       0       0       0       0       0       0       0       0       0       0       0       0       0
      Totals:         0       0       0       0       0       0       0       0       0       0       0       0       0       0       0       0
Total ram usage:        0 bytes
 Hardware stack levels used:    1
 Hardware stack levels required when called:    1
 This function calls:
		_spi_write
 This function is called by:
		_main
 This function uses a non-reentrant model


 *************** function _read_ACK_payload *****************
 Defined at:
		line 198 in file "nRF24L01_TX.h"
 Parameters:    Size  Location     Type
		None
 Auto vars:     Size  Location     Type
  ACK_payload     1    2[COMRAM] unsigned char 
 Return value:  Size  Location     Type
                  1    wreg      unsigned char 
 Registers used:
		wreg, status,2, cstack
 Tracked objects:
		On entry : 
		On exit  : 
		Unchanged: 
 Data sizes:     COMRAM   BANK0   BANK1   BANK2   BANK3   BANK4   BANK5   BANK6   BANK7   BANK8   BANK9  BANK10  BANK11  BANK12  BANK13  BANK14
      Params:         0       0       0       0       0       0       0       0       0       0       0       0       0       0       0       0
      Locals:         1       0       0       0       0       0       0       0       0       0       0       0       0       0       0       0
      Temps:          1       0       0       0       0       0       0       0       0       0       0       0       0       0       0       0
      Totals:         2       0       0       0       0       0       0       0       0       0       0       0       0       0       0       0
Total ram usage:        2 bytes
 Hardware stack levels used:    1
 Hardware stack levels required when called:    1
 This function calls:
		_spi_write
 This function is called by:
		_main
 This function uses a non-reentrant model


 *************** function _init_spi_master *****************
 Defined at:
		line 15 in file "spi.h"
 Parameters:    Size  Location     Type
		None
 Auto vars:     Size  Location     Type
		None
 Return value:  Size  Location     Type
                  1    wreg      void 
 Registers used:
		None
 Tracked objects:
		On entry : 
		On exit  : 
		Unchanged: 
 Data sizes:     COMRAM   BANK0   BANK1   BANK2   BANK3   BANK4   BANK5   BANK6   BANK7   BANK8   BANK9  BANK10  BANK11  BANK12  BANK13  BANK14
      Params:         0       0       0       0       0       0       0       0       0       0       0       0       0       0       0       0
      Locals:         0       0       0       0       0       0       0       0       0       0       0       0       0       0       0       0
      Temps:          0       0       0       0       0       0       0       0       0       0       0       0       0       0       0       0
      Totals:         0       0       0       0       0       0       0       0       0       0       0       0       0       0       0       0
Total ram usage:        0 bytes
 Hardware stack levels used:    1
 This function calls:
		Nothing
 This function is called by:
		_main
 This function uses a non-reentrant model


 *************** function _initPIC *****************
 Defined at:
		line 102 in file "nRF24L01_18LF25K80_TX.c"
 Parameters:    Size  Location     Type
		None
 Auto vars:     Size  Location     Type
		None
 Return value:  Size  Location     Type
                  1    wreg      void 
 Registers used:
		wreg, status,2
 Tracked objects:
		On entry : 
		On exit  : 
		Unchanged: 
 Data sizes:     COMRAM   BANK0   BANK1   BANK2   BANK3   BANK4   BANK5   BANK6   BANK7   BANK8   BANK9  BANK10  BANK11  BANK12  BANK13  BANK14
      Params:         0       0       0       0       0       0       0       0       0       0       0       0       0       0       0       0
      Locals:         0       0       0       0       0       0       0       0       0       0       0       0       0       0       0       0
      Temps:          0       0       0       0       0       0       0       0       0       0       0       0       0       0       0       0
      Totals:         0       0       0       0       0       0       0       0       0       0       0       0       0       0       0       0
Total ram usage:        0 bytes
 Hardware stack levels used:    1
 This function calls:
		Nothing
 This function is called by:
		_main
 This function uses a non-reentrant model


 *************** function _flush *****************
 Defined at:
		line 259 in file "nRF24L01_TX.h"
 Parameters:    Size  Location     Type
		None
 Auto vars:     Size  Location     Type
		None
 Return value:  Size  Location     Type
                  1    wreg      void 
 Registers used:
		wreg, status,2, cstack
 Tracked objects:
		On entry : 
		On exit  : 
		Unchanged: 
 Data sizes:     COMRAM   BANK0   BANK1   BANK2   BANK3   BANK4   BANK5   BANK6   BANK7   BANK8   BANK9  BANK10  BANK11  BANK12  BANK13  BANK14
      Params:         0       0       0       0       0       0       0       0       0       0       0       0       0       0       0       0
      Locals:         0       0       0       0       0       0       0       0       0       0       0       0       0       0       0       0
      Temps:          0       0       0       0       0       0       0       0       0       0       0       0       0       0       0       0
      Totals:         0       0       0       0       0       0       0       0       0       0       0       0       0       0       0       0
Total ram usage:        0 bytes
 Hardware stack levels used:    1
 Hardware stack levels required when called:    1
 This function calls:
		_spi_write
 This function is called by:
		_main
 This function uses a non-reentrant model


 *************** function _configure_TX *****************
 Defined at:
		line 51 in file "nRF24L01_TX.h"
 Parameters:    Size  Location     Type
		None
 Auto vars:     Size  Location     Type
  j               1    3[COMRAM] unsigned char 
 Return value:  Size  Location     Type
                  1    wreg      void 
 Registers used:
		wreg, status,2, status,0, cstack
 Tracked objects:
		On entry : 
		On exit  : 
		Unchanged: 
 Data sizes:     COMRAM   BANK0   BANK1   BANK2   BANK3   BANK4   BANK5   BANK6   BANK7   BANK8   BANK9  BANK10  BANK11  BANK12  BANK13  BANK14
      Params:         0       0       0       0       0       0       0       0       0       0       0       0       0       0       0       0
      Locals:         1       0       0       0       0       0       0       0       0       0       0       0       0       0       0       0
      Temps:          2       0       0       0       0       0       0       0       0       0       0       0       0       0       0       0
      Totals:         3       0       0       0       0       0       0       0       0       0       0       0       0       0       0       0
Total ram usage:        3 bytes
 Hardware stack levels used:    1
 Hardware stack levels required when called:    1
 This function calls:
		_spi_write
 This function is called by:
		_main
 This function uses a non-reentrant model


 *************** function _check_MAX_RT *****************
 Defined at:
		line 216 in file "nRF24L01_TX.h"
 Parameters:    Size  Location     Type
		None
 Auto vars:     Size  Location     Type
  MAX_RT          1    2[COMRAM] unsigned char 
  buffer          1    1[COMRAM] unsigned char 
 Return value:  Size  Location     Type
                  1    wreg      unsigned char 
 Registers used:
		wreg, status,2, status,0, cstack
 Tracked objects:
		On entry : 
		On exit  : 
		Unchanged: 
 Data sizes:     COMRAM   BANK0   BANK1   BANK2   BANK3   BANK4   BANK5   BANK6   BANK7   BANK8   BANK9  BANK10  BANK11  BANK12  BANK13  BANK14
      Params:         0       0       0       0       0       0       0       0       0       0       0       0       0       0       0       0
      Locals:         2       0       0       0       0       0       0       0       0       0       0       0       0       0       0       0
      Temps:          0       0       0       0       0       0       0       0       0       0       0       0       0       0       0       0
      Totals:         2       0       0       0       0       0       0       0       0       0       0       0       0       0       0       0
Total ram usage:        2 bytes
 Hardware stack levels used:    1
 Hardware stack levels required when called:    1
 This function calls:
		_spi_write
 This function is called by:
		_main
 This function uses a non-reentrant model


 *************** function _UART_Write *****************
 Defined at:
		line 49 in file "uart1.h"
 Parameters:    Size  Location     Type
  data            1    wreg     unsigned char 
 Auto vars:     Size  Location     Type
  data            1    0[COMRAM] unsigned char 
 Return value:  Size  Location     Type
                  1    wreg      void 
 Registers used:
		wreg
 Tracked objects:
		On entry : 
		On exit  : 
		Unchanged: 
 Data sizes:     COMRAM   BANK0   BANK1   BANK2   BANK3   BANK4   BANK5   BANK6   BANK7   BANK8   BANK9  BANK10  BANK11  BANK12  BANK13  BANK14
      Params:         0       0       0       0       0       0       0       0       0       0       0       0       0       0       0       0
      Locals:         1       0       0       0       0       0       0       0       0       0       0       0       0       0       0       0
      Temps:          0       0       0       0       0       0       0       0       0       0       0       0       0       0       0       0
      Totals:         1       0       0       0       0       0       0       0       0       0       0       0       0       0       0       0
Total ram usage:        1 bytes
 Hardware stack levels used:    1
 This function calls:
		Nothing
 This function is called by:
		_main
		_UART_Write_Text
 This function uses a non-reentrant model


 *************** function _UART_Read *****************
 Defined at:
		line 36 in file "uart1.h"
 Parameters:    Size  Location     Type
		None
 Auto vars:     Size  Location     Type
		None
 Return value:  Size  Location     Type
                  1    wreg      unsigned char 
 Registers used:
		wreg, status,2
 Tracked objects:
		On entry : 
		On exit  : 
		Unchanged: 
 Data sizes:     COMRAM   BANK0   BANK1   BANK2   BANK3   BANK4   BANK5   BANK6   BANK7   BANK8   BANK9  BANK10  BANK11  BANK12  BANK13  BANK14
      Params:         0       0       0       0       0       0       0       0       0       0       0       0       0       0       0       0
      Locals:         0       0       0       0       0       0       0       0       0       0       0       0       0       0       0       0
      Temps:          0       0       0       0       0       0       0       0       0       0       0       0       0       0       0       0
      Totals:         0       0       0       0       0       0       0       0       0       0       0       0       0       0       0       0
Total ram usage:        0 bytes
 Hardware stack levels used:    1
 This function calls:
		Nothing
 This function is called by:
		_main
		_UART_Read_Text
 This function uses a non-reentrant model


 *************** function _UART_Init *****************
 Defined at:
		line 3 in file "uart1.h"
 Parameters:    Size  Location     Type
  baudrate        4   14[COMRAM] const long 
 Auto vars:     Size  Location     Type
  x               2   26[COMRAM] unsigned int 
 Return value:  Size  Location     Type
                  1    wreg      unsigned char 
 Registers used:
		wreg, status,2, status,0, cstack
 Tracked objects:
		On entry : 
		On exit  : 
		Unchanged: 
 Data sizes:     COMRAM   BANK0   BANK1   BANK2   BANK3   BANK4   BANK5   BANK6   BANK7   BANK8   BANK9  BANK10  BANK11  BANK12  BANK13  BANK14
      Params:         4       0       0       0       0       0       0       0       0       0       0       0       0       0       0       0
      Locals:         2       0       0       0       0       0       0       0       0       0       0       0       0       0       0       0
      Temps:          8       0       0       0       0       0       0       0       0       0       0       0       0       0       0       0
      Totals:        14       0       0       0       0       0       0       0       0       0       0       0       0       0       0       0
Total ram usage:       14 bytes
 Hardware stack levels used:    1
 Hardware stack levels required when called:    1
 This function calls:
		___aldiv
 This function is called by:
		_main
 This function uses a non-reentrant model


 *************** function ___aldiv *****************
 Defined at:
		line 8 in file "C:\Program Files (x86)\Microchip\xc8\v1.42\sources\common\aldiv.c"
 Parameters:    Size  Location     Type
  dividend        4    0[COMRAM] long 
  divisor         4    4[COMRAM] long 
 Auto vars:     Size  Location     Type
  quotient        4   10[COMRAM] long 
  sign            1    9[COMRAM] unsigned char 
  counter         1    8[COMRAM] unsigned char 
 Return value:  Size  Location     Type
                  4    0[COMRAM] long 
 Registers used:
		wreg, status,2, status,0
 Tracked objects:
		On entry : 
		On exit  : 
		Unchanged: 
 Data sizes:     COMRAM   BANK0   BANK1   BANK2   BANK3   BANK4   BANK5   BANK6   BANK7   BANK8   BANK9  BANK10  BANK11  BANK12  BANK13  BANK14
      Params:         8       0       0       0       0       0       0       0       0       0       0       0       0       0       0       0
      Locals:         6       0       0       0       0       0       0       0       0       0       0       0       0       0       0       0
      Temps:          0       0       0       0       0       0       0       0       0       0       0       0       0       0       0       0
      Totals:        14       0       0       0       0       0       0       0       0       0       0       0       0       0       0       0
Total ram usage:       14 bytes
 Hardware stack levels used:    1
 This function calls:
		Nothing
 This function is called by:
		_UART_Init
 This function uses a non-reentrant model


 *************** function _UART_Data_Ready *****************
 Defined at:
		line 31 in file "uart1.h"
 Parameters:    Size  Location     Type
		None
 Auto vars:     Size  Location     Type
		None
 Return value:  Size  Location     Type
                  1    wreg      unsigned char 
 Registers used:
		wreg
 Tracked objects:
		On entry : 
		On exit  : 
		Unchanged: 
 Data sizes:     COMRAM   BANK0   BANK1   BANK2   BANK3   BANK4   BANK5   BANK6   BANK7   BANK8   BANK9  BANK10  BANK11  BANK12  BANK13  BANK14
      Params:         0       0       0       0       0       0       0       0       0       0       0       0       0       0       0       0
      Locals:         0       0       0       0       0       0       0       0       0       0       0       0       0       0       0       0
      Temps:          0       0       0       0       0       0       0       0       0       0       0       0       0       0       0       0
      Totals:         0       0       0       0       0       0       0       0       0       0       0       0       0       0       0       0
Total ram usage:        0 bytes
 Hardware stack levels used:    1
 This function calls:
		Nothing
 This function is called by:
		_main
 This function uses a non-reentrant model


 *************** function _TX_nordic *****************
 Defined at:
		line 154 in file "nRF24L01_TX.h"
 Parameters:    Size  Location     Type
  data            1    wreg     unsigned char 
 Auto vars:     Size  Location     Type
  data            1    2[COMRAM] unsigned char 
 Return value:  Size  Location     Type
                  1    wreg      void 
 Registers used:
		wreg, status,2, cstack
 Tracked objects:
		On entry : 
		On exit  : 
		Unchanged: 
 Data sizes:     COMRAM   BANK0   BANK1   BANK2   BANK3   BANK4   BANK5   BANK6   BANK7   BANK8   BANK9  BANK10  BANK11  BANK12  BANK13  BANK14
      Params:         0       0       0       0       0       0       0       0       0       0       0       0       0       0       0       0
      Locals:         1       0       0       0       0       0       0       0       0       0       0       0       0       0       0       0
      Temps:          1       0       0       0       0       0       0       0       0       0       0       0       0       0       0       0
      Totals:         2       0       0       0       0       0       0       0       0       0       0       0       0       0       0       0
Total ram usage:        2 bytes
 Hardware stack levels used:    1
 Hardware stack levels required when called:    1
 This function calls:
		_spi_write
 This function is called by:
		_main
 This function uses a non-reentrant model


 *************** function _spi_write *****************
 Defined at:
		line 45 in file "spi.h"
 Parameters:    Size  Location     Type
  data            1    wreg     unsigned char 
 Auto vars:     Size  Location     Type
  data            1    0[COMRAM] unsigned char 
 Return value:  Size  Location     Type
                  1    wreg      unsigned char 
 Registers used:
		wreg, status,2
 Tracked objects:
		On entry : 
		On exit  : 
		Unchanged: 
 Data sizes:     COMRAM   BANK0   BANK1   BANK2   BANK3   BANK4   BANK5   BANK6   BANK7   BANK8   BANK9  BANK10  BANK11  BANK12  BANK13  BANK14
      Params:         0       0       0       0       0       0       0       0       0       0       0       0       0       0       0       0
      Locals:         1       0       0       0       0       0       0       0       0       0       0       0       0       0       0       0
      Temps:          0       0       0       0       0       0       0       0       0       0       0       0       0       0       0       0
      Totals:         1       0       0       0       0       0       0       0       0       0       0       0       0       0       0       0
Total ram usage:        1 bytes
 Hardware stack levels used:    1
 This function calls:
		Nothing
 This function is called by:
		_configure_TX
		_TX_nordic
		_read_ACK_payload
		_check_MAX_RT
		_reset_MAX_RT
		_flush
		_count_retr
 This function uses a non-reentrant model



MODULE INFORMATION

Module		Function		Class		Link	Load	Size
C:\Program Files (x86)\Microchip\xc8\v1.42\sources\common\aldiv.c
		___aldiv       		CODE           	7BFC	0000	205

C:\Program Files (x86)\Microchip\xc8\v1.42\sources\common\aldiv.c estimated size: 205

nRF24L01_TX.h
		_configure_TX  		CODE           	7DC4	0000	273
		_read_ACK_payload		CODE           	7B12	0000	47
		_flush         		CODE           	7ABC	0000	23
		_check_MAX_RT  		CODE           	7AEE	0000	37
		_TX_nordic     		CODE           	7B40	0000	95
		_reset_MAX_RT  		CODE           	7A98	0000	19

nRF24L01_TX.h estimated size: 494

spi.h
		_spi_write     		CODE           	7A88	0000	17
		_init_spi_master		CODE           	7AD2	0000	29

spi.h estimated size: 46

shared
		__initialization		CODE           	7AAA	0000	13

shared estimated size: 13

nRF24L01_18LF25K80_TX.c
		_initPIC       		CODE           	7B9E	0000	95
		_main          		CODE           	7CC8	0000	253

nRF24L01_18LF25K80_TX.c estimated size: 348

uart1.h
		_UART_Read     		CODE           	7A74	0000	9
		_UART_Data_Ready		CODE           	7A6C	0000	9
		_UART_Init     		CODE           	7ED4	0000	301
		_UART_Write    		CODE           	7A7C	0000	13

uart1.h estimated size: 332

