Microchip MPLAB XC8 Compiler V1.41 ()

Linker command line:

-W-3 --edf=C:\Program Files (x86)\Microchip\xc8\v1.41\dat\en_msgs.txt -cs \
  -h+dist/default/production\PIC3.X.production.sym \
  --cmf=dist/default/production\PIC3.X.production.cmf -z -Q18F25K80 \
  -oC:\Users\Giacomo\AppData\Local\Temp\s73k.2 \
  -Mdist/default/production/PIC3.X.production.map -E1 -ver=XC8 \
  -ASTACK=08Ah-0e40h -pstack=STACK -ACODE=00h-07FFFh -ACONST=00h-07FFFh \
  -ASMALLCONST=0F00h-0FFFhx113 -AMEDIUMCONST=0F00h-07FFFh -ACOMRAM=01h-05Fh \
  -AABS1=00h-0E40h -ABIGRAM=01h-0E40h \
  -ARAM=060h-0FFh,0100h-01FFhx13,0E00h-0E40h -ABANK0=060h-0FFh \
  -ABANK1=0100h-01FFh -ABANK2=0200h-02FFh -ABANK3=0300h-03FFh \
  -ABANK4=0400h-04FFh -ABANK5=0500h-05FFh -ABANK6=0600h-06FFh \
  -ABANK7=0700h-07FFh -ABANK8=0800h-08FFh -ABANK9=0900h-09FFh \
  -ABANK10=0A00h-0AFFh -ABANK11=0B00h-0BFFh -ABANK12=0C00h-0CFFh \
  -ABANK13=0D00h-0DFFh -ABANK14=0E00h-0E40h \
  -ASFR=0E41h-0EFFh,0F00h-0F5Fh,0F60h-0FFFh \
  -preset_vec=00h,intcode=08h,intcodelo,powerup,init -pramtop=0F00h \
  -psmallconst=SMALLCONST -pmediumconst=MEDIUMCONST -pconst=CONST \
  -AFARRAM=00h-00h -ACONFIG=0300000h-030000Dh -pconfig=CONFIG \
  -AIDLOC=0200000h-0200007h -pidloc=IDLOC -AEEDATA=0F00000h-0F003FFh \
  -peeprom_data=EEDATA \
  -prdata=COMRAM,nvrram=COMRAM,nvbit=COMRAM,rbss=COMRAM,rbit=COMRAM \
  -pfarbss=FARRAM,fardata=FARRAM,nvFARRAM=FARRAM \
  -pintsave_regs=BIGRAM,bigbss=BIGRAM,bigdata=BIGRAM -pbss=RAM \
  -pidata=CODE,irdata=CODE,ibigdata=CODE,ifardata=CODE -prparam=COMRAM \
  C:\Users\Giacomo\AppData\Local\Temp\s73k.obj \
  dist/default/production\PIC3.X.production.obj 

Object code version is 3.11

Machine type is 18F25K80

Call graph: (short form)




                Name                               Link     Load   Length Selector   Space Scale
C:\Users\Giacomo\AppData\Local\Temp\s73k.obj
                init                                16E      16E        4        4       0
                reset_vec                             0        0        4        0       0
                idloc                            200000   200000        8   200000       0
                config                           300000   300000        E   300000       0
dist/default/production\PIC3.X.production.obj
                intcode                               8        8      166        4       0
                temp                                 53       53        1        1       1
                text10                              73E      73E       AE        4       0
                text9                               8F2      8F2       38        4       0
                text8                               658      658       E6        4       0
                text7                               564      564       F4        4       0
                text5                               8B8      8B8       3A        4       0
                text4                               86C      86C       4C        4       0
                text3                               44A      44A      11A        4       0
                text2                               2EE      2EE      15C        4       0
                text1                               7EC      7EC       80        4       0
                text0                               172      172      17C        4       0
                cstackCOMRAM                          1        1       3C        1       1
                cstackBANK0                          60       60       1D       60       1
                bssBANK0                             7D       7D        8       60       1
                bssCOMRAM                            3D       3D       16        1       1
                cinit                               92A      92A       26        4       0
                nvBANK0                              85       85        5       60       1

TOTAL           Name                               Link     Load   Length     Space
        CLASS   STACK          

        CLASS   CODE           
                intcode                               8        8      166         0
                init                                16E      16E        4         0
                reset_vec                             0        0        4         0
                text10                              73E      73E       AE         0
                text9                               8F2      8F2       38         0
                text8                               658      658       E6         0
                text7                               564      564       F4         0
                text5                               8B8      8B8       3A         0
                text4                               86C      86C       4C         0
                text3                               44A      44A      11A         0
                text2                               2EE      2EE      15C         0
                text1                               7EC      7EC       80         0
                text0                               172      172      17C         0
                cinit                               92A      92A       26         0

        CLASS   CONST          

        CLASS   SMALLCONST     

        CLASS   MEDIUMCONST    

        CLASS   COMRAM         
                temp                                 53       53        1         1
                cstackCOMRAM                          1        1       3C         1
                bssCOMRAM                            3D       3D       16         1

        CLASS   ABS1           

        CLASS   BIGRAM         

        CLASS   RAM            

        CLASS   BANK0          
                cstackBANK0                          60       60       1D         1
                bssBANK0                             7D       7D        8         1
                nvBANK0                              85       85        5         1

        CLASS   BANK1          

        CLASS   BANK2          

        CLASS   BANK3          

        CLASS   BANK4          

        CLASS   BANK5          

        CLASS   BANK6          

        CLASS   BANK7          

        CLASS   BANK8          

        CLASS   BANK9          

        CLASS   BANK10         

        CLASS   BANK11         

        CLASS   BANK12         

        CLASS   BANK13         

        CLASS   BANK14         

        CLASS   SFR            

        CLASS   FARRAM         

        CLASS   CONFIG         
                config                           300000   300000        E         0

        CLASS   IDLOC          
                idloc                            200000   200000        8         0

        CLASS   EEDATA         



SEGMENTS        Name                           Load    Length   Top    Selector   Space  Class

                reset_vec                      000000  000004  000004         0       0  CODE    
                cstackCOMRAM                   000001  000053  000054         1       1  COMRAM  
                intcode                        000008  000948  000950         4       0  CODE    
                cstackBANK0                    000060  00002A  00008A        60       1  BANK0   
                idloc                          200000  000008  200008    200000       0  IDLOC   
                config                         300000  00000E  30000E    300000       0  CONFIG  


UNUSED ADDRESS RANGES

        Name                Unused          Largest block    Delta
        BANK0            00008A-0000FF               76
        BANK1            000100-0001FF              100
        BANK10           000A00-000AFF              100
        BANK11           000B00-000BFF              100
        BANK12           000C00-000CFF              100
        BANK13           000D00-000DFF              100
        BANK14           000E00-000E40               41
        BANK2            000200-0002FF              100
        BANK3            000300-0003FF              100
        BANK4            000400-0004FF              100
        BANK5            000500-0005FF              100
        BANK6            000600-0006FF              100
        BANK7            000700-0007FF              100
        BANK8            000800-0008FF              100
        BANK9            000900-0009FF              100
        BIGRAM           000054-00005F                C
                         00008A-000E40              DB7
        CODE             000004-000007                4
                         000950-007FFF             76B0
        COMRAM           000054-00005F                C
        CONST            000004-000007                4
                         000950-007FFF             76B0
        EEDATA           F00000-F003FF              400
        MEDIUMCONST      000F00-007FFF             7100
        RAM              00008A-000E40              100
        SFR              000E41-000FFF               BF
        SMALLCONST       000F00-007FFF              100
        STACK            00008A-000E40              DB7

                                  Symbol Table

?___aldiv                   cstackBANK0  000060
?___awtoft                  cstackCOMRAM 000009
?___ftdiv                   cstackCOMRAM 00000D
?___ftpack                  cstackCOMRAM 000001
?___fttol                   cstackCOMRAM 00001C
CAN_TX_write_1@data         cstackBANK0  000060
UART_Init@baudrate          cstackBANK0  00006E
UART_Init@x                 cstackBANK0  00007A
_ANCON1bits                 (abs)        000F5C
_BAUDCON1bits               (abs)        000FA7
_BRGCON1                    (abs)        000E43
_BRGCON2                    (abs)        000E44
_BRGCON3                    (abs)        000E45
_CANCON                     (abs)        000F6F
_CANSTATbits                (abs)        000F6E
_CAN_TX_initialize          text5        0008B8
_CAN_TX_write_1             text4        00086C
_CIOCONbits                 (abs)        000F70
_ECANCON                    (abs)        000F72
_INTCON                     (abs)        000FF2
_INTCON2                    (abs)        000FF1
_INTCON2bits                (abs)        000FF1
_INTCON3                    (abs)        000FF0
_INTCONbits                 (abs)        000FF2
_IOCB                       (abs)        000F5A
_LATAbits                   (abs)        000F89
_LATBbits                   (abs)        000F8A
_PIR1                       (abs)        000F9E
_PORTA                      (abs)        000F80
_PORTB                      (abs)        000F81
_PORTBbits                  (abs)        000F81
_PORTC                      (abs)        000F82
_RCIF                       (abs)        007CF5
_RCON                       (abs)        000FD0
_RCONbits                   (abs)        000FD0
_RCREG1                     (abs)        000FAE
_RCSTA1bits                 (abs)        000FAB
_SPBRG                      (abs)        000FAF
_SPBRG1                     (abs)        000FAF
_T1CON                      (abs)        000FCD
_T1CONbits                  (abs)        000FCD
_TMR1H                      (abs)        000FCF
_TMR1L                      (abs)        000FCE
_TRISA                      (abs)        000F92
_TRISB                      (abs)        000F93
_TRISC                      (abs)        000F94
_TRISC6                     (abs)        007CA6
_TRISC7                     (abs)        007CA7
_TXB0CONbits                (abs)        000F20
_TXB0D0                     (abs)        000F26
_TXB0DLC                    (abs)        000F25
_TXB0DLCbits                (abs)        000F25
_TXB0SIDH                   (abs)        000F21
_TXB0SIDL                   (abs)        000F22
_TXB0SIDLbits               (abs)        000F22
_TXREG                      (abs)        000FAD
_TXSTA1bits                 (abs)        000FAC
_UART_Init                  text2        0002EE
__CFG_BBSIZ$BB2K            (abs)        000000
__CFG_BOREN$SBORDIS         (abs)        000000
__CFG_BORPWR$ZPBORMV        (abs)        000000
__CFG_BORV$3                (abs)        000000
__CFG_CANMX$PORTB           (abs)        000000
__CFG_CP0$OFF               (abs)        000000
__CFG_CP1$OFF               (abs)        000000
__CFG_CP2$OFF               (abs)        000000
__CFG_CP3$OFF               (abs)        000000
__CFG_CPB$OFF               (abs)        000000
__CFG_CPD$OFF               (abs)        000000
__CFG_EBTR0$OFF             (abs)        000000
__CFG_EBTR1$OFF             (abs)        000000
__CFG_EBTR2$OFF             (abs)        000000
__CFG_EBTR3$OFF             (abs)        000000
__CFG_EBTRB$OFF             (abs)        000000
__CFG_FCMEN$OFF             (abs)        000000
__CFG_FOSC$HS1              (abs)        000000
__CFG_IESO$OFF              (abs)        000000
__CFG_INTOSCSEL$HIGH        (abs)        000000
__CFG_MCLRE$ON              (abs)        000000
__CFG_MSSPMSK$MSK7          (abs)        000000
__CFG_PLLCFG$OFF            (abs)        000000
__CFG_PWRTEN$OFF            (abs)        000000
__CFG_RETEN$OFF             (abs)        000000
__CFG_SOSCSEL$HIGH          (abs)        000000
__CFG_STVREN$ON             (abs)        000000
__CFG_WDTEN$SWDTDIS         (abs)        000000
__CFG_WDTPS$1048576         (abs)        000000
__CFG_WRT0$OFF              (abs)        000000
__CFG_WRT1$OFF              (abs)        000000
__CFG_WRT2$OFF              (abs)        000000
__CFG_WRT3$OFF              (abs)        000000
__CFG_WRTB$OFF              (abs)        000000
__CFG_WRTC$OFF              (abs)        000000
__CFG_WRTD$OFF              (abs)        000000
__CFG_XINST$OFF             (abs)        000000
__HRAM                      (abs)        000000
__Habs1                     abs1         000000
__Hbank0                    bank0        000000
__Hbank1                    bank1        000000
__Hbank10                   bank10       000000
__Hbank11                   bank11       000000
__Hbank12                   bank12       000000
__Hbank13                   bank13       000000
__Hbank14                   bank14       000000
__Hbank2                    bank2        000000
__Hbank3                    bank3        000000
__Hbank4                    bank4        000000
__Hbank5                    bank5        000000
__Hbank6                    bank6        000000
__Hbank7                    bank7        000000
__Hbank8                    bank8        000000
__Hbank9                    bank9        000000
__Hbigbss                   bigbss       000000
__Hbigdata                  bigdata      000000
__Hbigram                   bigram       000000
__Hbss                      bss          000000
__HbssBANK0                 bssBANK0     000000
__HbssCOMRAM                bssCOMRAM    000000
__Hcinit                    cinit        000000
__Hclrtext                  clrtext      000000
__Hcomram                   comram       000000
__Hconfig                   config       30000E
__Hconst                    const        000000
__HcstackBANK0              cstackBANK0  000000
__HcstackCOMRAM             cstackCOMRAM 000000
__Hdata                     data         000000
__Heeprom_data              eeprom_data  000000
__Hfarbss                   farbss       000000
__Hfardata                  fardata      000000
__Hibigdata                 ibigdata     000000
__Hidata                    idata        000000
__Hidloc                    idloc        200008
__Hifardata                 ifardata     000000
__Hinit                     init         000172
__Hintcode                  intcode      00016E
__Hintcode_body             intcode_body 000000
__Hintcodelo                intcodelo    00016E
__Hintentry                 intentry     000000
__Hintret                   intret       000000
__Hintsave_regs             intsave_regs 000000
__Hirdata                   irdata       000000
__Hmediumconst              mediumconst  000000
__HnvBANK0                  nvBANK0      000000
__HnvFARRAM                 nvFARRAM     000000
__Hnvbit                    nvbit        000000
__Hnvrram                   nvrram       000000
__Hparam                    rparam       000000
__Hpowerup                  powerup      00016E
__Hram                      ram          000000
__Hramtop                   ramtop       000F00
__Hrbit                     rbit         000000
__Hrbss                     rbss         000000
__Hrdata                    rdata        000000
__Hreset_vec                reset_vec    000004
__Hrparam                   rparam       000000
__Hsfr                      sfr          000000
__Hsmallconst               smallconst   000000
__Hspace_0                  (abs)        30000E
__Hspace_1                  (abs)        00008A
__Hspace_2                  (abs)        000000
__Hstack                    stack        000000
__Hstruct                   struct       000000
__Htemp                     temp         000054
__Htext                     text         000000
__Htext0                    text0        000000
__Htext1                    text1        000000
__Htext10                   text10       000000
__Htext2                    text2        000000
__Htext3                    text3        000000
__Htext4                    text4        000000
__Htext5                    text5        000000
__Htext7                    text7        000000
__Htext8                    text8        000000
__Htext9                    text9        000000
__LRAM                      (abs)        000001
__Labs1                     abs1         000000
__Lbank0                    bank0        000000
__Lbank1                    bank1        000000
__Lbank10                   bank10       000000
__Lbank11                   bank11       000000
__Lbank12                   bank12       000000
__Lbank13                   bank13       000000
__Lbank14                   bank14       000000
__Lbank2                    bank2        000000
__Lbank3                    bank3        000000
__Lbank4                    bank4        000000
__Lbank5                    bank5        000000
__Lbank6                    bank6        000000
__Lbank7                    bank7        000000
__Lbank8                    bank8        000000
__Lbank9                    bank9        000000
__Lbigbss                   bigbss       000000
__Lbigdata                  bigdata      000000
__Lbigram                   bigram       000000
__Lbss                      bss          000000
__LbssBANK0                 bssBANK0     000000
__LbssCOMRAM                bssCOMRAM    000000
__Lcinit                    cinit        000000
__Lclrtext                  clrtext      000000
__Lcomram                   comram       000000
__Lconfig                   config       300000
__Lconst                    const        000000
__LcstackBANK0              cstackBANK0  000000
__LcstackCOMRAM             cstackCOMRAM 000000
__Ldata                     data         000000
__Leeprom_data              eeprom_data  000000
__Lfarbss                   farbss       000000
__Lfardata                  fardata      000000
__Libigdata                 ibigdata     000000
__Lidata                    idata        000000
__Lidloc                    idloc        200000
__Lifardata                 ifardata     000000
__Linit                     init         00016E
__Lintcode                  intcode      000008
__Lintcode_body             intcode_body 000000
__Lintcodelo                intcodelo    00016E
__Lintentry                 intentry     000000
__Lintret                   intret       000000
__Lintsave_regs             intsave_regs 000000
__Lirdata                   irdata       000000
__Lmediumconst              mediumconst  000000
__LnvBANK0                  nvBANK0      000000
__LnvFARRAM                 nvFARRAM     000000
__Lnvbit                    nvbit        000000
__Lnvrram                   nvrram       000000
__Lparam                    rparam       000000
__Lpowerup                  powerup      00016E
__Lram                      ram          000000
__Lramtop                   ramtop       000F00
__Lrbit                     rbit         000000
__Lrbss                     rbss         000000
__Lrdata                    rdata        000000
__Lreset_vec                reset_vec    000000
__Lrparam                   rparam       000000
__Lsfr                      sfr          000000
__Lsmallconst               smallconst   000000
__Lspace_0                  (abs)        000000
__Lspace_1                  (abs)        000000
__Lspace_2                  (abs)        000000
__Lstack                    stack        000000
__Lstruct                   struct       000000
__Ltemp                     temp         000053
__Ltext                     text         000000
__Ltext0                    text0        000000
__Ltext1                    text1        000000
__Ltext10                   text10       000000
__Ltext2                    text2        000000
__Ltext3                    text3        000000
__Ltext4                    text4        000000
__Ltext5                    text5        000000
__Ltext7                    text7        000000
__Ltext8                    text8        000000
__Ltext9                    text9        000000
__S0                        (abs)        30000E
__S1                        (abs)        00008A
__S2                        (abs)        000000
___aldiv                    text3        00044A
___aldiv@counter            cstackBANK0  000068
___aldiv@dividend           cstackBANK0  000060
___aldiv@divisor            cstackBANK0  000064
___aldiv@quotient           cstackBANK0  00006A
___aldiv@sign               cstackBANK0  000069
___awtoft                   text9        0008F2
___awtoft@c                 cstackCOMRAM 000009
___awtoft@sign              cstackCOMRAM 00000C
___ftdiv                    text8        000658
___ftdiv@cntr               cstackCOMRAM 000016
___ftdiv@exp                cstackCOMRAM 00001A
___ftdiv@f1                 cstackCOMRAM 00000D
___ftdiv@f2                 cstackCOMRAM 000010
___ftdiv@f3                 cstackCOMRAM 000017
___ftdiv@sign               cstackCOMRAM 00001B
___ftpack                   text10       00073E
___ftpack@arg               cstackCOMRAM 000001
___ftpack@exp               cstackCOMRAM 000004
___ftpack@sign              cstackCOMRAM 000005
___fttol                    text7        000564
___fttol@exp1               cstackCOMRAM 00002A
___fttol@f1                 cstackCOMRAM 00001C
___fttol@lval               cstackCOMRAM 000026
___fttol@sign1              cstackCOMRAM 000025
___inthi_sp                 stack        000000
___intlo_sp                 stack        000000
___param_bank               (abs)        000000
___rparam_used              (abs)        000001
___sp                       stack        000000
__accesstop                 (abs)        000060
__activetblptr              (abs)        000002
__end_of_CAN_TX_initialize  text5        0008F2
__end_of_CAN_TX_write_1     text4        0008B8
__end_of_UART_Init          text2        00044A
__end_of___aldiv            text3        000564
__end_of___awtoft           text9        00092A
__end_of___ftdiv            text8        00073E
__end_of___ftpack           text10       0007EC
__end_of___fttol            text7        000658
__end_of__initialization    cinit        000942
__end_of_echo               intcode      00016E
__end_of_initPIC            text1        00086C
__end_of_main               text0        0002EE
__initialization            cinit        00092A
__mediumconst               mediumconst  000000
__pbssBANK0                 bssBANK0     00007D
__pbssCOMRAM                bssCOMRAM    00003D
__pcinit                    cinit        00092A
__pcstackBANK0              cstackBANK0  000060
__pcstackCOMRAM             cstackCOMRAM 000001
__pintcode                  intcode      000008
__pnvBANK0                  nvBANK0      000085
__ptext0                    text0        000172
__ptext1                    text1        0007EC
__ptext10                   text10       00073E
__ptext2                    text2        0002EE
__ptext3                    text3        00044A
__ptext4                    text4        00086C
__ptext5                    text5        0008B8
__ptext7                    text7        000564
__ptext8                    text8        000658
__ptext9                    text9        0008F2
__ramtop                    ramtop       000F00
__size_of_CAN_TX_initialize (abs)        000000
__size_of_CAN_TX_write_1    (abs)        000000
__size_of_UART_Init         (abs)        000000
__size_of___aldiv           (abs)        000000
__size_of___awtoft          (abs)        000000
__size_of___ftdiv           (abs)        000000
__size_of___ftpack          (abs)        000000
__size_of___fttol           (abs)        000000
__size_of_echo              (abs)        000000
__size_of_initPIC           (abs)        000000
__size_of_main              (abs)        000000
__smallconst                smallconst   000000
_buff                       bssCOMRAM    00003D
_buff_retr                  bssCOMRAM    000047
_cnt_A                      bssBANK0     00007F
_cnt_X                      bssCOMRAM    00004F
_cnt_a                      bssBANK0     00007D
_dist1                      bssBANK0     000083
_dist2                      bssBANK0     000081
_echo                       intcode      000008
_initPIC                    text1        0007EC
_main                       text0        000172
_message                    nvBANK0      000089
_token                      bssCOMRAM    000051
_treshold1                  nvBANK0      000087
_treshold2                  nvBANK0      000085
btemp                       temp         000053
end_of_initialization       cinit        000942
int$flags                   temp         000053
intlevel0                   text         000000
intlevel1                   text         000000
intlevel2                   text         000000
intlevel3                   text         000000
stackhi                     (abs)        000E40
stacklo                     (abs)        00008A
start                       init         00016E
start_initialization        cinit        00092A


FUNCTION INFORMATION:

 *************** function _main *****************
 Defined at:
		line 191 in file "CAN_TX_front.c"
 Parameters:    Size  Location     Type
		None
 Auto vars:     Size  Location     Type
		None
 Return value:  Size  Location     Type
                  1    wreg      void 
 Registers used:
		wreg, status,2, status,0, cstack
 Tracked objects:
		On entry : 
		On exit  : 
		Unchanged: 
 Data sizes:     COMRAM   BANK0   BANK1   BANK2   BANK3   BANK4   BANK5   BANK6   BANK7   BANK8   BANK9  BANK10  BANK11  BANK12  BANK13  BANK14
      Params:         0       0       0       0       0       0       0       0       0       0       0       0       0       0       0       0
      Locals:         0       0       0       0       0       0       0       0       0       0       0       0       0       0       0       0
      Temps:          0       1       0       0       0       0       0       0       0       0       0       0       0       0       0       0
      Totals:         0       1       0       0       0       0       0       0       0       0       0       0       0       0       0       0
Total ram usage:        1 bytes
 Hardware stack levels required when called:    5
 This function calls:
		_CAN_TX_initialize
		_CAN_TX_write_1
		_UART_Init
		_initPIC
 This function is called by:
		Startup code after reset
 This function uses a non-reentrant model


 *************** function _initPIC *****************
 Defined at:
		line 145 in file "CAN_TX_front.c"
 Parameters:    Size  Location     Type
		None
 Auto vars:     Size  Location     Type
		None
 Return value:  Size  Location     Type
                  1    wreg      void 
 Registers used:
		wreg, status,2
 Tracked objects:
		On entry : 
		On exit  : 
		Unchanged: 
 Data sizes:     COMRAM   BANK0   BANK1   BANK2   BANK3   BANK4   BANK5   BANK6   BANK7   BANK8   BANK9  BANK10  BANK11  BANK12  BANK13  BANK14
      Params:         0       0       0       0       0       0       0       0       0       0       0       0       0       0       0       0
      Locals:         0       0       0       0       0       0       0       0       0       0       0       0       0       0       0       0
      Temps:          0       0       0       0       0       0       0       0       0       0       0       0       0       0       0       0
      Totals:         0       0       0       0       0       0       0       0       0       0       0       0       0       0       0       0
Total ram usage:        0 bytes
 Hardware stack levels used:    1
 Hardware stack levels required when called:    3
 This function calls:
		Nothing
 This function is called by:
		_main
 This function uses a non-reentrant model


 *************** function _UART_Init *****************
 Defined at:
		line 19 in file "uart1.h"
 Parameters:    Size  Location     Type
  baudrate        4   14[BANK0 ] const long 
 Auto vars:     Size  Location     Type
  x               2   26[BANK0 ] unsigned int 
 Return value:  Size  Location     Type
                  1    wreg      unsigned char 
 Registers used:
		wreg, status,2, status,0, cstack
 Tracked objects:
		On entry : 
		On exit  : 
		Unchanged: 
 Data sizes:     COMRAM   BANK0   BANK1   BANK2   BANK3   BANK4   BANK5   BANK6   BANK7   BANK8   BANK9  BANK10  BANK11  BANK12  BANK13  BANK14
      Params:         0       4       0       0       0       0       0       0       0       0       0       0       0       0       0       0
      Locals:         0       2       0       0       0       0       0       0       0       0       0       0       0       0       0       0
      Temps:          0       8       0       0       0       0       0       0       0       0       0       0       0       0       0       0
      Totals:         0      14       0       0       0       0       0       0       0       0       0       0       0       0       0       0
Total ram usage:       14 bytes
 Hardware stack levels used:    1
 Hardware stack levels required when called:    4
 This function calls:
		___aldiv
 This function is called by:
		_main
 This function uses a non-reentrant model


 *************** function ___aldiv *****************
 Defined at:
		line 8 in file "C:\Program Files (x86)\Microchip\xc8\v1.41\sources\common\aldiv.c"
 Parameters:    Size  Location     Type
  dividend        4    0[BANK0 ] long 
  divisor         4    4[BANK0 ] long 
 Auto vars:     Size  Location     Type
  quotient        4   10[BANK0 ] long 
  sign            1    9[BANK0 ] unsigned char 
  counter         1    8[BANK0 ] unsigned char 
 Return value:  Size  Location     Type
                  4    0[BANK0 ] long 
 Registers used:
		wreg, status,2, status,0
 Tracked objects:
		On entry : 
		On exit  : 
		Unchanged: 
 Data sizes:     COMRAM   BANK0   BANK1   BANK2   BANK3   BANK4   BANK5   BANK6   BANK7   BANK8   BANK9  BANK10  BANK11  BANK12  BANK13  BANK14
      Params:         0       8       0       0       0       0       0       0       0       0       0       0       0       0       0       0
      Locals:         0       6       0       0       0       0       0       0       0       0       0       0       0       0       0       0
      Temps:          0       0       0       0       0       0       0       0       0       0       0       0       0       0       0       0
      Totals:         0      14       0       0       0       0       0       0       0       0       0       0       0       0       0       0
Total ram usage:       14 bytes
 Hardware stack levels used:    1
 Hardware stack levels required when called:    3
 This function calls:
		Nothing
 This function is called by:
		_UART_Init
 This function uses a non-reentrant model


 *************** function _CAN_TX_write_1 *****************
 Defined at:
		line 51 in file "CAN_library.h"
 Parameters:    Size  Location     Type
  data            1    wreg     unsigned char 
 Auto vars:     Size  Location     Type
  data            1    0[BANK0 ] unsigned char 
 Return value:  Size  Location     Type
                  1    wreg      void 
 Registers used:
		wreg, status,2
 Tracked objects:
		On entry : 
		On exit  : 
		Unchanged: 
 Data sizes:     COMRAM   BANK0   BANK1   BANK2   BANK3   BANK4   BANK5   BANK6   BANK7   BANK8   BANK9  BANK10  BANK11  BANK12  BANK13  BANK14
      Params:         0       0       0       0       0       0       0       0       0       0       0       0       0       0       0       0
      Locals:         0       1       0       0       0       0       0       0       0       0       0       0       0       0       0       0
      Temps:          0       0       0       0       0       0       0       0       0       0       0       0       0       0       0       0
      Totals:         0       1       0       0       0       0       0       0       0       0       0       0       0       0       0       0
Total ram usage:        1 bytes
 Hardware stack levels used:    1
 Hardware stack levels required when called:    3
 This function calls:
		Nothing
 This function is called by:
		_main
 This function uses a non-reentrant model


 *************** function _CAN_TX_initialize *****************
 Defined at:
		line 22 in file "CAN_library.h"
 Parameters:    Size  Location     Type
		None
 Auto vars:     Size  Location     Type
		None
 Return value:  Size  Location     Type
                  1    wreg      void 
 Registers used:
		wreg, status,2, status,0
 Tracked objects:
		On entry : 
		On exit  : 
		Unchanged: 
 Data sizes:     COMRAM   BANK0   BANK1   BANK2   BANK3   BANK4   BANK5   BANK6   BANK7   BANK8   BANK9  BANK10  BANK11  BANK12  BANK13  BANK14
      Params:         0       0       0       0       0       0       0       0       0       0       0       0       0       0       0       0
      Locals:         0       0       0       0       0       0       0       0       0       0       0       0       0       0       0       0
      Temps:          0       0       0       0       0       0       0       0       0       0       0       0       0       0       0       0
      Totals:         0       0       0       0       0       0       0       0       0       0       0       0       0       0       0       0
Total ram usage:        0 bytes
 Hardware stack levels used:    1
 Hardware stack levels required when called:    3
 This function calls:
		Nothing
 This function is called by:
		_main
 This function uses a non-reentrant model


 *************** function _echo *****************
 Defined at:
		line 97 in file "CAN_TX_front.c"
 Parameters:    Size  Location     Type
		None
 Auto vars:     Size  Location     Type
		None
 Return value:  Size  Location     Type
                  1    wreg      void 
 Registers used:
		wreg, status,2, status,0, cstack
 Tracked objects:
		On entry : 
		On exit  : 
		Unchanged: 
 Data sizes:     COMRAM   BANK0   BANK1   BANK2   BANK3   BANK4   BANK5   BANK6   BANK7   BANK8   BANK9  BANK10  BANK11  BANK12  BANK13  BANK14
      Params:         0       0       0       0       0       0       0       0       0       0       0       0       0       0       0       0
      Locals:         0       0       0       0       0       0       0       0       0       0       0       0       0       0       0       0
      Temps:         18       0       0       0       0       0       0       0       0       0       0       0       0       0       0       0
      Totals:        18       0       0       0       0       0       0       0       0       0       0       0       0       0       0       0
Total ram usage:       18 bytes
 Hardware stack levels used:    1
 Hardware stack levels required when called:    2
 This function calls:
		___awtoft
		___ftdiv
		___fttol
 This function is called by:
		Interrupt level 2
 This function uses a non-reentrant model


 *************** function ___fttol *****************
 Defined at:
		line 44 in file "C:\Program Files (x86)\Microchip\xc8\v1.41\sources\common\fttol.c"
 Parameters:    Size  Location     Type
  f1              3   27[COMRAM] float 
 Auto vars:     Size  Location     Type
  lval            4   37[COMRAM] unsigned long 
  exp1            1   41[COMRAM] unsigned char 
  sign1           1   36[COMRAM] unsigned char 
 Return value:  Size  Location     Type
                  4   27[COMRAM] long 
 Registers used:
		wreg, status,2, status,0
 Tracked objects:
		On entry : 
		On exit  : 
		Unchanged: 
 Data sizes:     COMRAM   BANK0   BANK1   BANK2   BANK3   BANK4   BANK5   BANK6   BANK7   BANK8   BANK9  BANK10  BANK11  BANK12  BANK13  BANK14
      Params:         4       0       0       0       0       0       0       0       0       0       0       0       0       0       0       0
      Locals:         6       0       0       0       0       0       0       0       0       0       0       0       0       0       0       0
      Temps:          5       0       0       0       0       0       0       0       0       0       0       0       0       0       0       0
      Totals:        15       0       0       0       0       0       0       0       0       0       0       0       0       0       0       0
Total ram usage:       15 bytes
 Hardware stack levels used:    1
 This function calls:
		Nothing
 This function is called by:
		_echo
 This function uses a non-reentrant model


 *************** function ___ftdiv *****************
 Defined at:
		line 54 in file "C:\Program Files (x86)\Microchip\xc8\v1.41\sources\common\ftdiv.c"
 Parameters:    Size  Location     Type
  f1              3   12[COMRAM] float 
  f2              3   15[COMRAM] float 
 Auto vars:     Size  Location     Type
  f3              3   22[COMRAM] float 
  sign            1   26[COMRAM] unsigned char 
  exp             1   25[COMRAM] unsigned char 
  cntr            1   21[COMRAM] unsigned char 
 Return value:  Size  Location     Type
                  3   12[COMRAM] float 
 Registers used:
		wreg, status,2, status,0, cstack
 Tracked objects:
		On entry : 
		On exit  : 
		Unchanged: 
 Data sizes:     COMRAM   BANK0   BANK1   BANK2   BANK3   BANK4   BANK5   BANK6   BANK7   BANK8   BANK9  BANK10  BANK11  BANK12  BANK13  BANK14
      Params:         6       0       0       0       0       0       0       0       0       0       0       0       0       0       0       0
      Locals:         6       0       0       0       0       0       0       0       0       0       0       0       0       0       0       0
      Temps:          3       0       0       0       0       0       0       0       0       0       0       0       0       0       0       0
      Totals:        15       0       0       0       0       0       0       0       0       0       0       0       0       0       0       0
Total ram usage:       15 bytes
 Hardware stack levels used:    1
 Hardware stack levels required when called:    1
 This function calls:
		___ftpack
 This function is called by:
		_echo
 This function uses a non-reentrant model


 *************** function ___awtoft *****************
 Defined at:
		line 32 in file "C:\Program Files (x86)\Microchip\xc8\v1.41\sources\common\awtoft.c"
 Parameters:    Size  Location     Type
  c               2    8[COMRAM] int 
 Auto vars:     Size  Location     Type
  sign            1   11[COMRAM] unsigned char 
 Return value:  Size  Location     Type
                  3    8[COMRAM] float 
 Registers used:
		wreg, status,2, status,0, cstack
 Tracked objects:
		On entry : 
		On exit  : 
		Unchanged: 
 Data sizes:     COMRAM   BANK0   BANK1   BANK2   BANK3   BANK4   BANK5   BANK6   BANK7   BANK8   BANK9  BANK10  BANK11  BANK12  BANK13  BANK14
      Params:         3       0       0       0       0       0       0       0       0       0       0       0       0       0       0       0
      Locals:         1       0       0       0       0       0       0       0       0       0       0       0       0       0       0       0
      Temps:          0       0       0       0       0       0       0       0       0       0       0       0       0       0       0       0
      Totals:         4       0       0       0       0       0       0       0       0       0       0       0       0       0       0       0
Total ram usage:        4 bytes
 Hardware stack levels used:    1
 Hardware stack levels required when called:    1
 This function calls:
		___ftpack
 This function is called by:
		_echo
 This function uses a non-reentrant model


 *************** function ___ftpack *****************
 Defined at:
		line 62 in file "C:\Program Files (x86)\Microchip\xc8\v1.41\sources\common\float.c"
 Parameters:    Size  Location     Type
  arg             3    0[COMRAM] unsigned um
  exp             1    3[COMRAM] unsigned char 
  sign            1    4[COMRAM] unsigned char 
 Auto vars:     Size  Location     Type
		None
 Return value:  Size  Location     Type
                  3    0[COMRAM] float 
 Registers used:
		wreg, status,2, status,0
 Tracked objects:
		On entry : 
		On exit  : 
		Unchanged: 
 Data sizes:     COMRAM   BANK0   BANK1   BANK2   BANK3   BANK4   BANK5   BANK6   BANK7   BANK8   BANK9  BANK10  BANK11  BANK12  BANK13  BANK14
      Params:         5       0       0       0       0       0       0       0       0       0       0       0       0       0       0       0
      Locals:         0       0       0       0       0       0       0       0       0       0       0       0       0       0       0       0
      Temps:          3       0       0       0       0       0       0       0       0       0       0       0       0       0       0       0
      Totals:         8       0       0       0       0       0       0       0       0       0       0       0       0       0       0       0
Total ram usage:        8 bytes
 Hardware stack levels used:    1
 This function calls:
		Nothing
 This function is called by:
		___awtoft
		___ftdiv
 This function uses a non-reentrant model



MODULE INFORMATION

Module		Function		Class		Link	Load	Size
C:\Program Files (x86)\Microchip\xc8\v1.41\sources\common\aldiv.c
		___aldiv       		CODE           	044A	0000	283

C:\Program Files (x86)\Microchip\xc8\v1.41\sources\common\aldiv.c estimated size: 283

C:\Program Files (x86)\Microchip\xc8\v1.41\sources\common\fttol.c
		___fttol       		CODE           	0564	0000	245

C:\Program Files (x86)\Microchip\xc8\v1.41\sources\common\fttol.c estimated size: 245

CAN_library.h
		_CAN_TX_initialize		CODE           	08B8	0000	59
		_CAN_TX_write_1		CODE           	086C	0000	77

CAN_library.h estimated size: 136

CAN_TX_front.c
		_initPIC       		CODE           	07EC	0000	129
		_echo          		CODE           	0008	0000	359
		_main          		CODE           	0172	0000	381

CAN_TX_front.c estimated size: 869

C:\Program Files (x86)\Microchip\xc8\v1.41\sources\common\float.c
		___ftpack      		CODE           	073E	0000	175

C:\Program Files (x86)\Microchip\xc8\v1.41\sources\common\float.c estimated size: 175

shared
		__initialization		CODE           	092A	0000	25

shared estimated size: 25

C:\Program Files (x86)\Microchip\xc8\v1.41\sources\common\awtoft.c
		___awtoft      		CODE           	08F2	0000	57

C:\Program Files (x86)\Microchip\xc8\v1.41\sources\common\awtoft.c estimated size: 57

uart1.h
		_UART_Init     		CODE           	02EE	0000	349

uart1.h estimated size: 349

C:\Program Files (x86)\Microchip\xc8\v1.41\sources\common\ftdiv.c
		___ftdiv       		CODE           	0658	0000	231

C:\Program Files (x86)\Microchip\xc8\v1.41\sources\common\ftdiv.c estimated size: 231

